Archive member included to satisfy reference by file (symbol)

/Applications/STM32CubeIDE.app/Contents/Eclipse/plugins/com.st.stm32cube.ide.mcu.externaltools.gnu-tools-for-stm32.10.3-2021.10.macos64_1.0.100.202210260954/tools/bin/../lib/gcc/arm-none-eabi/10.3.1/../../../../arm-none-eabi/lib/thumb/v6-m/nofp/libc_nano.a(lib_a-errno.o)
                              ./Core/Src/syscalls.o (__errno)
/Applications/STM32CubeIDE.app/Contents/Eclipse/plugins/com.st.stm32cube.ide.mcu.externaltools.gnu-tools-for-stm32.10.3-2021.10.macos64_1.0.100.202210260954/tools/bin/../lib/gcc/arm-none-eabi/10.3.1/../../../../arm-none-eabi/lib/thumb/v6-m/nofp/libc_nano.a(lib_a-exit.o)
                              /Applications/STM32CubeIDE.app/Contents/Eclipse/plugins/com.st.stm32cube.ide.mcu.externaltools.gnu-tools-for-stm32.10.3-2021.10.macos64_1.0.100.202210260954/tools/bin/../lib/gcc/arm-none-eabi/10.3.1/../../../../arm-none-eabi/lib/thumb/v6-m/nofp/crt0.o (exit)
/Applications/STM32CubeIDE.app/Contents/Eclipse/plugins/com.st.stm32cube.ide.mcu.externaltools.gnu-tools-for-stm32.10.3-2021.10.macos64_1.0.100.202210260954/tools/bin/../lib/gcc/arm-none-eabi/10.3.1/../../../../arm-none-eabi/lib/thumb/v6-m/nofp/libc_nano.a(lib_a-impure.o)
                              /Applications/STM32CubeIDE.app/Contents/Eclipse/plugins/com.st.stm32cube.ide.mcu.externaltools.gnu-tools-for-stm32.10.3-2021.10.macos64_1.0.100.202210260954/tools/bin/../lib/gcc/arm-none-eabi/10.3.1/../../../../arm-none-eabi/lib/thumb/v6-m/nofp/libc_nano.a(lib_a-exit.o) (_global_impure_ptr)
/Applications/STM32CubeIDE.app/Contents/Eclipse/plugins/com.st.stm32cube.ide.mcu.externaltools.gnu-tools-for-stm32.10.3-2021.10.macos64_1.0.100.202210260954/tools/bin/../lib/gcc/arm-none-eabi/10.3.1/../../../../arm-none-eabi/lib/thumb/v6-m/nofp/libc_nano.a(lib_a-init.o)
                              /Applications/STM32CubeIDE.app/Contents/Eclipse/plugins/com.st.stm32cube.ide.mcu.externaltools.gnu-tools-for-stm32.10.3-2021.10.macos64_1.0.100.202210260954/tools/bin/../lib/gcc/arm-none-eabi/10.3.1/../../../../arm-none-eabi/lib/thumb/v6-m/nofp/crt0.o (__libc_init_array)
/Applications/STM32CubeIDE.app/Contents/Eclipse/plugins/com.st.stm32cube.ide.mcu.externaltools.gnu-tools-for-stm32.10.3-2021.10.macos64_1.0.100.202210260954/tools/bin/../lib/gcc/arm-none-eabi/10.3.1/../../../../arm-none-eabi/lib/thumb/v6-m/nofp/libc_nano.a(lib_a-memset.o)
                              /Applications/STM32CubeIDE.app/Contents/Eclipse/plugins/com.st.stm32cube.ide.mcu.externaltools.gnu-tools-for-stm32.10.3-2021.10.macos64_1.0.100.202210260954/tools/bin/../lib/gcc/arm-none-eabi/10.3.1/../../../../arm-none-eabi/lib/thumb/v6-m/nofp/crt0.o (memset)
/Applications/STM32CubeIDE.app/Contents/Eclipse/plugins/com.st.stm32cube.ide.mcu.externaltools.gnu-tools-for-stm32.10.3-2021.10.macos64_1.0.100.202210260954/tools/bin/../lib/gcc/arm-none-eabi/10.3.1/thumb/v6-m/nofp/libgcc.a(_udivsi3.o)
                              ./Core/Src/adc.o (__aeabi_uidiv)
/Applications/STM32CubeIDE.app/Contents/Eclipse/plugins/com.st.stm32cube.ide.mcu.externaltools.gnu-tools-for-stm32.10.3-2021.10.macos64_1.0.100.202210260954/tools/bin/../lib/gcc/arm-none-eabi/10.3.1/thumb/v6-m/nofp/libgcc.a(_dvmd_tls.o)
                              /Applications/STM32CubeIDE.app/Contents/Eclipse/plugins/com.st.stm32cube.ide.mcu.externaltools.gnu-tools-for-stm32.10.3-2021.10.macos64_1.0.100.202210260954/tools/bin/../lib/gcc/arm-none-eabi/10.3.1/thumb/v6-m/nofp/libgcc.a(_udivsi3.o) (__aeabi_idiv0)

Discarded input sections

 .text          0x0000000000000000        0x0 /Applications/STM32CubeIDE.app/Contents/Eclipse/plugins/com.st.stm32cube.ide.mcu.externaltools.gnu-tools-for-stm32.10.3-2021.10.macos64_1.0.100.202210260954/tools/bin/../lib/gcc/arm-none-eabi/10.3.1/thumb/v6-m/nofp/crti.o
 .data          0x0000000000000000        0x0 /Applications/STM32CubeIDE.app/Contents/Eclipse/plugins/com.st.stm32cube.ide.mcu.externaltools.gnu-tools-for-stm32.10.3-2021.10.macos64_1.0.100.202210260954/tools/bin/../lib/gcc/arm-none-eabi/10.3.1/thumb/v6-m/nofp/crti.o
 .bss           0x0000000000000000        0x0 /Applications/STM32CubeIDE.app/Contents/Eclipse/plugins/com.st.stm32cube.ide.mcu.externaltools.gnu-tools-for-stm32.10.3-2021.10.macos64_1.0.100.202210260954/tools/bin/../lib/gcc/arm-none-eabi/10.3.1/thumb/v6-m/nofp/crti.o
 .data          0x0000000000000000        0x4 /Applications/STM32CubeIDE.app/Contents/Eclipse/plugins/com.st.stm32cube.ide.mcu.externaltools.gnu-tools-for-stm32.10.3-2021.10.macos64_1.0.100.202210260954/tools/bin/../lib/gcc/arm-none-eabi/10.3.1/thumb/v6-m/nofp/crtbegin.o
 .rodata        0x0000000000000000       0x24 /Applications/STM32CubeIDE.app/Contents/Eclipse/plugins/com.st.stm32cube.ide.mcu.externaltools.gnu-tools-for-stm32.10.3-2021.10.macos64_1.0.100.202210260954/tools/bin/../lib/gcc/arm-none-eabi/10.3.1/thumb/v6-m/nofp/crtbegin.o
[...]
Memory Configuration

Name             Origin             Length             Attributes
RAM              0x0000000020000000 0x0000000000000800 xrw
FLASH            0x0000000008000000 0x0000000000004000 xr
*default*        0x0000000000000000 0xffffffffffffffff

Linker script and memory map

LOAD /Applications/STM32CubeIDE.app/Contents/Eclipse/plugins/com.st.stm32cube.ide.mcu.externaltools.gnu-tools-for-stm32.10.3-2021.10.macos64_1.0.100.202210260954/tools/bin/../lib/gcc/arm-none-eabi/10.3.1/thumb/v6-m/nofp/crti.o
LOAD /Applications/STM32CubeIDE.app/Contents/Eclipse/plugins/com.st.stm32cube.ide.mcu.externaltools.gnu-tools-for-stm32.10.3-2021.10.macos64_1.0.100.202210260954/tools/bin/../lib/gcc/arm-none-eabi/10.3.1/thumb/v6-m/nofp/crtbegin.o
LOAD /Applications/STM32CubeIDE.app/Contents/Eclipse/plugins/com.st.stm32cube.ide.mcu.externaltools.gnu-tools-for-stm32.10.3-2021.10.macos64_1.0.100.202210260954/tools/bin/../lib/gcc/arm-none-eabi/10.3.1/../../../../arm-none-eabi/lib/thumb/v6-m/nofp/crt0.o
LOAD ./Core/Src/adc.o
LOAD ./Core/Src/gpio.o
LOAD ./Core/Src/led.o
LOAD ./Core/Src/main.o
LOAD ./Core/Src/spi.o
LOAD ./Core/Src/stm32l0xx_it.o
LOAD ./Core/Src/syscalls.o
LOAD ./Core/Src/sysmem.o
LOAD ./Core/Src/system_stm32l0xx.o
LOAD ./Core/Src/tim.o
LOAD ./Core/Src/usart.o
LOAD ./Core/Startup/startup_stm32l021k4tx.o
LOAD ./Drivers/STM32L0xx_HAL_Driver/Src/stm32l0xx_ll_adc.o
LOAD ./Drivers/STM32L0xx_HAL_Driver/Src/stm32l0xx_ll_dma.o
LOAD ./Drivers/STM32L0xx_HAL_Driver/Src/stm32l0xx_ll_exti.o
LOAD ./Drivers/STM32L0xx_HAL_Driver/Src/stm32l0xx_ll_gpio.o
LOAD ./Drivers/STM32L0xx_HAL_Driver/Src/stm32l0xx_ll_pwr.o
LOAD ./Drivers/STM32L0xx_HAL_Driver/Src/stm32l0xx_ll_rcc.o
LOAD ./Drivers/STM32L0xx_HAL_Driver/Src/stm32l0xx_ll_spi.o
LOAD ./Drivers/STM32L0xx_HAL_Driver/Src/stm32l0xx_ll_tim.o
LOAD ./Drivers/STM32L0xx_HAL_Driver/Src/stm32l0xx_ll_usart.o
LOAD ./Drivers/STM32L0xx_HAL_Driver/Src/stm32l0xx_ll_utils.o
START GROUP
LOAD /Applications/STM32CubeIDE.app/Contents/Eclipse/plugins/com.st.stm32cube.ide.mcu.externaltools.gnu-tools-for-stm32.10.3-2021.10.macos64_1.0.100.202210260954/tools/bin/../lib/gcc/arm-none-eabi/10.3.1/../../../../arm-none-eabi/lib/thumb/v6-m/nofp/libc_nano.a
LOAD /Applications/STM32CubeIDE.app/Contents/Eclipse/plugins/com.st.stm32cube.ide.mcu.externaltools.gnu-tools-for-stm32.10.3-2021.10.macos64_1.0.100.202210260954/tools/bin/../lib/gcc/arm-none-eabi/10.3.1/../../../../arm-none-eabi/lib/thumb/v6-m/nofp/libm.a
END GROUP
START GROUP
LOAD /Applications/STM32CubeIDE.app/Contents/Eclipse/plugins/com.st.stm32cube.ide.mcu.externaltools.gnu-tools-for-stm32.10.3-2021.10.macos64_1.0.100.202210260954/tools/bin/../lib/gcc/arm-none-eabi/10.3.1/thumb/v6-m/nofp/libgcc.a
LOAD /Applications/STM32CubeIDE.app/Contents/Eclipse/plugins/com.st.stm32cube.ide.mcu.externaltools.gnu-tools-for-stm32.10.3-2021.10.macos64_1.0.100.202210260954/tools/bin/../lib/gcc/arm-none-eabi/10.3.1/../../../../arm-none-eabi/lib/thumb/v6-m/nofp/libc_nano.a
END GROUP
START GROUP
LOAD /Applications/STM32CubeIDE.app/Contents/Eclipse/plugins/com.st.stm32cube.ide.mcu.externaltools.gnu-tools-for-stm32.10.3-2021.10.macos64_1.0.100.202210260954/tools/bin/../lib/gcc/arm-none-eabi/10.3.1/thumb/v6-m/nofp/libgcc.a
LOAD /Applications/STM32CubeIDE.app/Contents/Eclipse/plugins/com.st.stm32cube.ide.mcu.externaltools.gnu-tools-for-stm32.10.3-2021.10.macos64_1.0.100.202210260954/tools/bin/../lib/gcc/arm-none-eabi/10.3.1/../../../../arm-none-eabi/lib/thumb/v6-m/nofp/libc_nano.a
LOAD /Applications/STM32CubeIDE.app/Contents/Eclipse/plugins/com.st.stm32cube.ide.mcu.externaltools.gnu-tools-for-stm32.10.3-2021.10.macos64_1.0.100.202210260954/tools/bin/../lib/gcc/arm-none-eabi/10.3.1/../../../../arm-none-eabi/lib/thumb/v6-m/nofp/libnosys.a
END GROUP
START GROUP
LOAD /Applications/STM32CubeIDE.app/Contents/Eclipse/plugins/com.st.stm32cube.ide.mcu.externaltools.gnu-tools-for-stm32.10.3-2021.10.macos64_1.0.100.202210260954/tools/bin/../lib/gcc/arm-none-eabi/10.3.1/thumb/v6-m/nofp/libgcc.a
LOAD /Applications/STM32CubeIDE.app/Contents/Eclipse/plugins/com.st.stm32cube.ide.mcu.externaltools.gnu-tools-for-stm32.10.3-2021.10.macos64_1.0.100.202210260954/tools/bin/../lib/gcc/arm-none-eabi/10.3.1/../../../../arm-none-eabi/lib/thumb/v6-m/nofp/libc_nano.a
LOAD /Applications/STM32CubeIDE.app/Contents/Eclipse/plugins/com.st.stm32cube.ide.mcu.externaltools.gnu-tools-for-stm32.10.3-2021.10.macos64_1.0.100.202210260954/tools/bin/../lib/gcc/arm-none-eabi/10.3.1/../../../../arm-none-eabi/lib/thumb/v6-m/nofp/libnosys.a
END GROUP
LOAD /Applications/STM32CubeIDE.app/Contents/Eclipse/plugins/com.st.stm32cube.ide.mcu.externaltools.gnu-tools-for-stm32.10.3-2021.10.macos64_1.0.100.202210260954/tools/bin/../lib/gcc/arm-none-eabi/10.3.1/thumb/v6-m/nofp/crtend.o
LOAD /Applications/STM32CubeIDE.app/Contents/Eclipse/plugins/com.st.stm32cube.ide.mcu.externaltools.gnu-tools-for-stm32.10.3-2021.10.macos64_1.0.100.202210260954/tools/bin/../lib/gcc/arm-none-eabi/10.3.1/thumb/v6-m/nofp/crtn.o
                0x0000000020000800                _estack = (ORIGIN (RAM) + LENGTH (RAM))
                0x0000000000000200                _Min_Heap_Size = 0x200
                0x0000000000000400                _Min_Stack_Size = 0x400

.isr_vector     0x0000000008000000       0xc0
                0x0000000008000000                . = ALIGN (0x4)
 *(.isr_vector)
 .isr_vector    0x0000000008000000       0xc0 ./Core/Startup/startup_stm32l021k4tx.o
                0x0000000008000000                g_pfnVectors
                0x00000000080000c0                . = ALIGN (0x4)

.text           0x00000000080000c0     0x2094
                0x00000000080000c0                . = ALIGN (0x4)
 *(.text)
 .text          0x00000000080000c0       0x48 /Applications/STM32CubeIDE.app/Contents/Eclipse/plugins/com.st.stm32cube.ide.mcu.externaltools.gnu-tools-for-stm32.10.3-2021.10.macos64_1.0.100.202210260954/tools/bin/../lib/gcc/arm-none-eabi/10.3.1/thumb/v6-m/nofp/crtbegin.o
 .text          0x0000000008000108      0x114 /Applications/STM32CubeIDE.app/Contents/Eclipse/plugins/com.st.stm32cube.ide.mcu.externaltools.gnu-tools-for-stm32.10.3-2021.10.macos64_1.0.100.202210260954/tools/bin/../lib/gcc/arm-none-eabi/10.3.1/thumb/v6-m/nofp/libgcc.a(_udivsi3.o)
                0x0000000008000108                __udivsi3
                0x0000000008000108                __aeabi_uidiv
                0x0000000008000214                __aeabi_uidivmod
 .text          0x000000000800021c        0x4 /Applications/STM32CubeIDE.app/Contents/Eclipse/plugins/com.st.stm32cube.ide.mcu.externaltools.gnu-tools-for-stm32.10.3-2021.10.macos64_1.0.100.202210260954/tools/bin/../lib/gcc/arm-none-eabi/10.3.1/thumb/v6-m/nofp/libgcc.a(_dvmd_tls.o)
                0x000000000800021c                __aeabi_ldiv0
                0x000000000800021c                __aeabi_idiv0
 *(.text*)
 .text.LL_ADC_SetCommonFrequencyMode
                0x0000000008000220       0x28 ./Core/Src/adc.o
 .text.LL_ADC_SetSamplingTimeCommonChannels
                0x0000000008000248       0x24 ./Core/Src/adc.o
 .text.LL_ADC_REG_SetSequencerScanDirection
                0x000000000800026c       0x24 ./Core/Src/adc.o
 .text.LL_ADC_REG_SetSequencerChAdd
                0x0000000008000290       0x22 ./Core/Src/adc.o
 .text.LL_ADC_SetOverSamplingScope
                0x00000000080002b2       0x24 ./Core/Src/adc.o
 *fill*         0x00000000080002d6        0x2 
 .text.LL_ADC_EnableInternalRegulator
                0x00000000080002d8       0x28 ./Core/Src/adc.o
 .text.LL_ADC_DisableIT_EOC
                0x0000000008000300       0x1e ./Core/Src/adc.o
 .text.LL_ADC_DisableIT_EOS
                0x000000000800031e       0x1e ./Core/Src/adc.o
 .text.LL_APB2_GRP1_EnableClock
                0x000000000800033c       0x2c ./Core/Src/adc.o
 .text.LL_IOP_GRP1_EnableClock
                0x0000000008000368       0x2c ./Core/Src/adc.o
 .text.MX_ADC_Init
                0x0000000008000394      0x154 ./Core/Src/adc.o
                0x0000000008000394                MX_ADC_Init
 .text.LL_IOP_GRP1_EnableClock
                0x00000000080004e8       0x2c ./Core/Src/gpio.o
 .text.LL_GPIO_ResetOutputPin
                0x0000000008000514       0x18 ./Core/Src/gpio.o
 .text.MX_GPIO_Init
                0x000000000800052c       0x92 ./Core/Src/gpio.o
                0x000000000800052c                MX_GPIO_Init
 .text.LL_TIM_EnableCounter
                0x00000000080005be       0x1c ./Core/Src/led.o
 .text.LL_TIM_CC_EnableChannel
                0x00000000080005da       0x1e ./Core/Src/led.o
 .text.LL_TIM_OC_SetCompareCH1
                0x00000000080005f8       0x18 ./Core/Src/led.o
 .text.LedStart
                0x0000000008000610       0x20 ./Core/Src/led.o
                0x0000000008000610                LedStart
 .text.LedSetValue
                0x0000000008000630       0x24 ./Core/Src/led.o
                0x0000000008000630                LedSetValue
 .text.LedPulse
                0x0000000008000654       0x70 ./Core/Src/led.o
                0x0000000008000654                LedPulse
 .text.__NVIC_SetPriority
                0x00000000080006c4       0xdc ./Core/Src/main.o
 .text.LL_RCC_HSI_Enable
                0x00000000080007a0       0x1c ./Core/Src/main.o
 .text.LL_RCC_HSI_IsReady
                0x00000000080007bc       0x20 ./Core/Src/main.o
 .text.LL_RCC_HSI_SetCalibTrimming
                0x00000000080007dc       0x2c ./Core/Src/main.o
 .text.LL_RCC_SetSysClkSource
                0x0000000008000808       0x28 ./Core/Src/main.o
 .text.LL_RCC_GetSysClkSource
                0x0000000008000830       0x18 ./Core/Src/main.o
 .text.LL_RCC_SetAHBPrescaler
                0x0000000008000848       0x28 ./Core/Src/main.o
 .text.LL_RCC_SetAPB1Prescaler
                0x0000000008000870       0x2c ./Core/Src/main.o
 .text.LL_RCC_SetAPB2Prescaler
                0x000000000800089c       0x2c ./Core/Src/main.o
 .text.LL_RCC_SetUSARTClockSource
                0x00000000080008c8       0x30 ./Core/Src/main.o
 .text.LL_RCC_PLL_Enable
                0x00000000080008f8       0x1c ./Core/Src/main.o
 .text.LL_RCC_PLL_IsReady
                0x0000000008000914       0x28 ./Core/Src/main.o
 .text.LL_RCC_PLL_ConfigDomain_SYS
                0x000000000800093c       0x38 ./Core/Src/main.o
 .text.LL_APB1_GRP1_EnableClock
                0x0000000008000974       0x2c ./Core/Src/main.o
 .text.LL_APB2_GRP1_EnableClock
                0x00000000080009a0       0x2c ./Core/Src/main.o
 .text.LL_FLASH_SetLatency
                0x00000000080009cc       0x28 ./Core/Src/main.o
 .text.LL_FLASH_GetLatency
                0x00000000080009f4       0x18 ./Core/Src/main.o
 .text.LL_PWR_SetRegulVoltageScaling
                0x0000000008000a0c       0x2c ./Core/Src/main.o
 .text.main     0x0000000008000a38       0x48 ./Core/Src/main.o
                0x0000000008000a38                main
 .text.SystemClock_Config
                0x0000000008000a80       0xa0 ./Core/Src/main.o
                0x0000000008000a80                SystemClock_Config
 .text.LL_APB2_GRP1_EnableClock
                0x0000000008000b20       0x2c ./Core/Src/spi.o
 .text.LL_IOP_GRP1_EnableClock
                0x0000000008000b4c       0x2c ./Core/Src/spi.o
 .text.LL_SPI_SetStandard
                0x0000000008000b78       0x24 ./Core/Src/spi.o
 .text.MX_SPI1_Init
                0x0000000008000b9c      0x130 ./Core/Src/spi.o
                0x0000000008000b9c                MX_SPI1_Init
 .text.NMI_Handler
                0x0000000008000ccc        0x6 ./Core/Src/stm32l0xx_it.o
                0x0000000008000ccc                NMI_Handler
 .text.HardFault_Handler
                0x0000000008000cd2        0x6 ./Core/Src/stm32l0xx_it.o
                0x0000000008000cd2                HardFault_Handler
 .text.SVC_Handler
                0x0000000008000cd8        0xa ./Core/Src/stm32l0xx_it.o
                0x0000000008000cd8                SVC_Handler
 .text.PendSV_Handler
                0x0000000008000ce2        0xa ./Core/Src/stm32l0xx_it.o
                0x0000000008000ce2                PendSV_Handler
 .text.SysTick_Handler
                0x0000000008000cec        0xa ./Core/Src/stm32l0xx_it.o
                0x0000000008000cec                SysTick_Handler
 .text.TIM2_IRQHandler
                0x0000000008000cf6        0xa ./Core/Src/stm32l0xx_it.o
                0x0000000008000cf6                TIM2_IRQHandler
 .text.SystemInit
                0x0000000008000d00        0xa ./Core/Src/system_stm32l0xx.o
                0x0000000008000d00                SystemInit
 *fill*         0x0000000008000d0a        0x2 
 .text.__NVIC_EnableIRQ
                0x0000000008000d0c       0x34 ./Core/Src/tim.o
 .text.__NVIC_SetPriority
                0x0000000008000d40       0xdc ./Core/Src/tim.o
 .text.LL_APB1_GRP1_EnableClock
                0x0000000008000e1c       0x2c ./Core/Src/tim.o
 .text.LL_IOP_GRP1_EnableClock
                0x0000000008000e48       0x2c ./Core/Src/tim.o
 .text.LL_TIM_DisableARRPreload
                0x0000000008000e74       0x1e ./Core/Src/tim.o
 *fill*         0x0000000008000e92        0x2 
 .text.LL_TIM_OC_DisableFast
                0x0000000008000e94       0x70 ./Core/Src/tim.o
 .text.LL_TIM_OC_EnablePreload
                0x0000000008000f04       0x70 ./Core/Src/tim.o
 .text.LL_TIM_SetClockSource
                0x0000000008000f74       0x28 ./Core/Src/tim.o
 .text.LL_TIM_SetTriggerOutput
                0x0000000008000f9c       0x24 ./Core/Src/tim.o
 .text.LL_TIM_DisableMasterSlaveMode
                0x0000000008000fc0       0x1e ./Core/Src/tim.o
 .text.MX_TIM2_Init
                0x0000000008000fde      0x11c ./Core/Src/tim.o
                0x0000000008000fde                MX_TIM2_Init
 *fill*         0x00000000080010fa        0x2 
 .text.LL_APB1_GRP1_EnableClock
                0x00000000080010fc       0x2c ./Core/Src/usart.o
 .text.LL_IOP_GRP1_EnableClock
                0x0000000008001128       0x2c ./Core/Src/usart.o
 .text.LL_USART_Enable
                0x0000000008001154       0x1c ./Core/Src/usart.o
 .text.LL_USART_ConfigAsyncMode
                0x0000000008001170       0x30 ./Core/Src/usart.o
 .text.MX_USART2_UART_Init
                0x00000000080011a0       0xf0 ./Core/Src/usart.o
                0x00000000080011a0                MX_USART2_UART_Init
 .text.Reset_Handler
                0x0000000008001290       0x80 ./Core/Startup/startup_stm32l021k4tx.o
                0x0000000008001290                Reset_Handler
 .text.Default_Handler
                0x0000000008001310        0x2 ./Core/Startup/startup_stm32l021k4tx.o
                0x0000000008001310                LPTIM1_IRQHandler
                0x0000000008001310                PVD_IRQHandler
                0x0000000008001310                I2C1_IRQHandler
                0x0000000008001310                SPI1_IRQHandler
                0x0000000008001310                EXTI2_3_IRQHandler
                0x0000000008001310                AES_LPUART1_IRQHandler
                0x0000000008001310                RTC_IRQHandler
                0x0000000008001310                EXTI4_15_IRQHandler
                0x0000000008001310                RCC_IRQHandler
                0x0000000008001310                DMA1_Channel1_IRQHandler
                0x0000000008001310                Default_Handler
                0x0000000008001310                DMA1_Channel4_5_IRQHandler
                0x0000000008001310                EXTI0_1_IRQHandler
                0x0000000008001310                TIM21_IRQHandler
                0x0000000008001310                WWDG_IRQHandler
                0x0000000008001310                DMA1_Channel2_3_IRQHandler
                0x0000000008001310                USART2_IRQHandler
                0x0000000008001310                FLASH_IRQHandler
                0x0000000008001310                ADC1_COMP_IRQHandler
 .text.LL_ADC_IsEnabled
                0x0000000008001312       0x20 ./Drivers/STM32L0xx_HAL_Driver/Src/stm32l0xx_ll_adc.o
 *fill*         0x0000000008001332        0x2 
 .text.LL_ADC_Init
                0x0000000008001334       0x6c ./Drivers/STM32L0xx_HAL_Driver/Src/stm32l0xx_ll_adc.o
                0x0000000008001334                LL_ADC_Init
 .text.LL_ADC_REG_Init
                0x00000000080013a0       0x64 ./Drivers/STM32L0xx_HAL_Driver/Src/stm32l0xx_ll_adc.o
                0x00000000080013a0                LL_ADC_REG_Init
 .text.LL_GPIO_SetPinMode
                0x0000000008001404       0x38 ./Drivers/STM32L0xx_HAL_Driver/Src/stm32l0xx_ll_gpio.o
 .text.LL_GPIO_SetPinOutputType
                0x000000000800143c       0x2a ./Drivers/STM32L0xx_HAL_Driver/Src/stm32l0xx_ll_gpio.o
 .text.LL_GPIO_SetPinSpeed
                0x0000000008001466       0x38 ./Drivers/STM32L0xx_HAL_Driver/Src/stm32l0xx_ll_gpio.o
 .text.LL_GPIO_SetPinPull
                0x000000000800149e       0x38 ./Drivers/STM32L0xx_HAL_Driver/Src/stm32l0xx_ll_gpio.o
 .text.LL_GPIO_SetAFPin_0_7
                0x00000000080014d6       0x46 ./Drivers/STM32L0xx_HAL_Driver/Src/stm32l0xx_ll_gpio.o
 .text.LL_GPIO_SetAFPin_8_15
                0x000000000800151c       0x5a ./Drivers/STM32L0xx_HAL_Driver/Src/stm32l0xx_ll_gpio.o
 .text.LL_GPIO_Init
                0x0000000008001576       0xbc ./Drivers/STM32L0xx_HAL_Driver/Src/stm32l0xx_ll_gpio.o
                0x0000000008001576                LL_GPIO_Init
 *fill*         0x0000000008001632        0x2 
 .text.LL_RCC_HSI_IsReady
                0x0000000008001634       0x20 ./Drivers/STM32L0xx_HAL_Driver/Src/stm32l0xx_ll_rcc.o
 .text.LL_RCC_LSE_IsReady
                0x0000000008001654       0x28 ./Drivers/STM32L0xx_HAL_Driver/Src/stm32l0xx_ll_rcc.o
 .text.LL_RCC_MSI_GetRange
                0x000000000800167c       0x18 ./Drivers/STM32L0xx_HAL_Driver/Src/stm32l0xx_ll_rcc.o
 .text.LL_RCC_GetSysClkSource
                0x0000000008001694       0x18 ./Drivers/STM32L0xx_HAL_Driver/Src/stm32l0xx_ll_rcc.o
 .text.LL_RCC_GetAHBPrescaler
                0x00000000080016ac       0x18 ./Drivers/STM32L0xx_HAL_Driver/Src/stm32l0xx_ll_rcc.o
 .text.LL_RCC_GetAPB1Prescaler
                0x00000000080016c4       0x18 ./Drivers/STM32L0xx_HAL_Driver/Src/stm32l0xx_ll_rcc.o
 .text.LL_RCC_GetUSARTClockSource
                0x00000000080016dc       0x24 ./Drivers/STM32L0xx_HAL_Driver/Src/stm32l0xx_ll_rcc.o
 .text.LL_RCC_PLL_GetMainSource
                0x0000000008001700       0x18 ./Drivers/STM32L0xx_HAL_Driver/Src/stm32l0xx_ll_rcc.o
 .text.LL_RCC_PLL_GetMultiplicator
                0x0000000008001718       0x18 ./Drivers/STM32L0xx_HAL_Driver/Src/stm32l0xx_ll_rcc.o
 .text.LL_RCC_PLL_GetDivider
                0x0000000008001730       0x18 ./Drivers/STM32L0xx_HAL_Driver/Src/stm32l0xx_ll_rcc.o
 .text.LL_RCC_IsActiveFlag_HSIDIV
                0x0000000008001748       0x20 ./Drivers/STM32L0xx_HAL_Driver/Src/stm32l0xx_ll_rcc.o
 .text.LL_RCC_GetUSARTClockFreq
                0x0000000008001768       0xb0 ./Drivers/STM32L0xx_HAL_Driver/Src/stm32l0xx_ll_rcc.o
                0x0000000008001768                LL_RCC_GetUSARTClockFreq
 .text.RCC_GetSystemClockFreq
                0x0000000008001818       0x88 ./Drivers/STM32L0xx_HAL_Driver/Src/stm32l0xx_ll_rcc.o
 .text.RCC_GetHCLKClockFreq
                0x00000000080018a0       0x2c ./Drivers/STM32L0xx_HAL_Driver/Src/stm32l0xx_ll_rcc.o
 .text.RCC_GetPCLK1ClockFreq
                0x00000000080018cc       0x28 ./Drivers/STM32L0xx_HAL_Driver/Src/stm32l0xx_ll_rcc.o
 .text.RCC_PLL_GetFreqDomain_SYS
                0x00000000080018f4       0x70 ./Drivers/STM32L0xx_HAL_Driver/Src/stm32l0xx_ll_rcc.o
 .text.LL_SPI_IsEnabled
                0x0000000008001964       0x22 ./Drivers/STM32L0xx_HAL_Driver/Src/stm32l0xx_ll_spi.o
 .text.LL_SPI_SetCRCPolynomial
                0x0000000008001986       0x1c ./Drivers/STM32L0xx_HAL_Driver/Src/stm32l0xx_ll_spi.o
 *fill*         0x00000000080019a2        0x2 
 .text.LL_SPI_Init
                0x00000000080019a4       0xac ./Drivers/STM32L0xx_HAL_Driver/Src/stm32l0xx_ll_spi.o
                0x00000000080019a4                LL_SPI_Init
 .text.LL_TIM_SetPrescaler
                0x0000000008001a50       0x18 ./Drivers/STM32L0xx_HAL_Driver/Src/stm32l0xx_ll_tim.o
 .text.LL_TIM_SetAutoReload
                0x0000000008001a68       0x18 ./Drivers/STM32L0xx_HAL_Driver/Src/stm32l0xx_ll_tim.o
 .text.LL_TIM_OC_SetCompareCH1
                0x0000000008001a80       0x18 ./Drivers/STM32L0xx_HAL_Driver/Src/stm32l0xx_ll_tim.o
 .text.LL_TIM_OC_SetCompareCH2
                0x0000000008001a98       0x18 ./Drivers/STM32L0xx_HAL_Driver/Src/stm32l0xx_ll_tim.o
 .text.LL_TIM_OC_SetCompareCH3
                0x0000000008001ab0       0x18 ./Drivers/STM32L0xx_HAL_Driver/Src/stm32l0xx_ll_tim.o
 .text.LL_TIM_OC_SetCompareCH4
                0x0000000008001ac8       0x18 ./Drivers/STM32L0xx_HAL_Driver/Src/stm32l0xx_ll_tim.o
 .text.LL_TIM_GenerateEvent_UPDATE
                0x0000000008001ae0       0x1c ./Drivers/STM32L0xx_HAL_Driver/Src/stm32l0xx_ll_tim.o
 .text.LL_TIM_Init
                0x0000000008001afc       0x90 ./Drivers/STM32L0xx_HAL_Driver/Src/stm32l0xx_ll_tim.o
                0x0000000008001afc                LL_TIM_Init
 .text.LL_TIM_OC_Init
                0x0000000008001b8c       0xb2 ./Drivers/STM32L0xx_HAL_Driver/Src/stm32l0xx_ll_tim.o
                0x0000000008001b8c                LL_TIM_OC_Init
 .text.OC1Config
                0x0000000008001c3e       0x8c ./Drivers/STM32L0xx_HAL_Driver/Src/stm32l0xx_ll_tim.o
 *fill*         0x0000000008001cca        0x2 
 .text.OC2Config
                0x0000000008001ccc       0x98 ./Drivers/STM32L0xx_HAL_Driver/Src/stm32l0xx_ll_tim.o
 .text.OC3Config
                0x0000000008001d64       0x94 ./Drivers/STM32L0xx_HAL_Driver/Src/stm32l0xx_ll_tim.o
 .text.OC4Config
                0x0000000008001df8       0x9c ./Drivers/STM32L0xx_HAL_Driver/Src/stm32l0xx_ll_tim.o
 .text.LL_USART_IsEnabled
                0x0000000008001e94       0x22 ./Drivers/STM32L0xx_HAL_Driver/Src/stm32l0xx_ll_usart.o
 *fill*         0x0000000008001eb6        0x2 
 .text.LL_USART_SetStopBitsLength
                0x0000000008001eb8       0x28 ./Drivers/STM32L0xx_HAL_Driver/Src/stm32l0xx_ll_usart.o
 .text.LL_USART_SetHWFlowCtrl
                0x0000000008001ee0       0x28 ./Drivers/STM32L0xx_HAL_Driver/Src/stm32l0xx_ll_usart.o
 .text.LL_USART_SetBaudRate
                0x0000000008001f08       0x78 ./Drivers/STM32L0xx_HAL_Driver/Src/stm32l0xx_ll_usart.o
 .text.LL_USART_Init
                0x0000000008001f80       0xb0 ./Drivers/STM32L0xx_HAL_Driver/Src/stm32l0xx_ll_usart.o
                0x0000000008001f80                LL_USART_Init
 .text.LL_InitTick
                0x0000000008002030       0x34 ./Drivers/STM32L0xx_HAL_Driver/Src/stm32l0xx_ll_utils.o
 .text.LL_Init1msTick
                0x0000000008002064       0x1e ./Drivers/STM32L0xx_HAL_Driver/Src/stm32l0xx_ll_utils.o
                0x0000000008002064                LL_Init1msTick
 *fill*         0x0000000008002082        0x2 
 .text.LL_mDelay
                0x0000000008002084       0x44 ./Drivers/STM32L0xx_HAL_Driver/Src/stm32l0xx_ll_utils.o
                0x0000000008002084                LL_mDelay
 .text.LL_SetSystemCoreClock
                0x00000000080020c8       0x1c ./Drivers/STM32L0xx_HAL_Driver/Src/stm32l0xx_ll_utils.o
                0x00000000080020c8                LL_SetSystemCoreClock
 .text.__libc_init_array
                0x00000000080020e4       0x48 /Applications/STM32CubeIDE.app/Contents/Eclipse/plugins/com.st.stm32cube.ide.mcu.externaltools.gnu-tools-for-stm32.10.3-2021.10.macos64_1.0.100.202210260954/tools/bin/../lib/gcc/arm-none-eabi/10.3.1/../../../../arm-none-eabi/lib/thumb/v6-m/nofp/libc_nano.a(lib_a-init.o)
                0x00000000080020e4                __libc_init_array
 .text.memset   0x000000000800212c       0x10 /Applications/STM32CubeIDE.app/Contents/Eclipse/plugins/com.st.stm32cube.ide.mcu.externaltools.gnu-tools-for-stm32.10.3-2021.10.macos64_1.0.100.202210260954/tools/bin/../lib/gcc/arm-none-eabi/10.3.1/../../../../arm-none-eabi/lib/thumb/v6-m/nofp/libc_nano.a(lib_a-memset.o)
                0x000000000800212c                memset
 *(.glue_7)
 .glue_7        0x000000000800213c        0x0 linker stubs
 *(.glue_7t)
 .glue_7t       0x000000000800213c        0x0 linker stubs
 *(.eh_frame)
 .eh_frame      0x000000000800213c        0x0 /Applications/STM32CubeIDE.app/Contents/Eclipse/plugins/com.st.stm32cube.ide.mcu.externaltools.gnu-tools-for-stm32.10.3-2021.10.macos64_1.0.100.202210260954/tools/bin/../lib/gcc/arm-none-eabi/10.3.1/thumb/v6-m/nofp/crtbegin.o
 *(.init)
 .init          0x000000000800213c        0x4 /Applications/STM32CubeIDE.app/Contents/Eclipse/plugins/com.st.stm32cube.ide.mcu.externaltools.gnu-tools-for-stm32.10.3-2021.10.macos64_1.0.100.202210260954/tools/bin/../lib/gcc/arm-none-eabi/10.3.1/thumb/v6-m/nofp/crti.o
                0x000000000800213c                _init
 .init          0x0000000008002140        0x8 /Applications/STM32CubeIDE.app/Contents/Eclipse/plugins/com.st.stm32cube.ide.mcu.externaltools.gnu-tools-for-stm32.10.3-2021.10.macos64_1.0.100.202210260954/tools/bin/../lib/gcc/arm-none-eabi/10.3.1/thumb/v6-m/nofp/crtn.o
 *(.fini)
 .fini          0x0000000008002148        0x4 /Applications/STM32CubeIDE.app/Contents/Eclipse/plugins/com.st.stm32cube.ide.mcu.externaltools.gnu-tools-for-stm32.10.3-2021.10.macos64_1.0.100.202210260954/tools/bin/../lib/gcc/arm-none-eabi/10.3.1/thumb/v6-m/nofp/crti.o
                0x0000000008002148                _fini
 .fini          0x000000000800214c        0x8 /Applications/STM32CubeIDE.app/Contents/Eclipse/plugins/com.st.stm32cube.ide.mcu.externaltools.gnu-tools-for-stm32.10.3-2021.10.macos64_1.0.100.202210260954/tools/bin/../lib/gcc/arm-none-eabi/10.3.1/thumb/v6-m/nofp/crtn.o
                0x0000000008002154                . = ALIGN (0x4)
                0x0000000008002154                _etext = .

.vfp11_veneer   0x0000000008002154        0x0
 .vfp11_veneer  0x0000000008002154        0x0 linker stubs

.v4_bx          0x0000000008002154        0x0
 .v4_bx         0x0000000008002154        0x0 linker stubs

.iplt           0x0000000008002154        0x0
 .iplt          0x0000000008002154        0x0 /Applications/STM32CubeIDE.app/Contents/Eclipse/plugins/com.st.stm32cube.ide.mcu.externaltools.gnu-tools-for-stm32.10.3-2021.10.macos64_1.0.100.202210260954/tools/bin/../lib/gcc/arm-none-eabi/10.3.1/thumb/v6-m/nofp/crtbegin.o

.rodata         0x0000000008002154       0x34
                0x0000000008002154                . = ALIGN (0x4)
 *(.rodata)
 *(.rodata*)
 .rodata.AHBPrescTable
                0x0000000008002154       0x10 ./Core/Src/system_stm32l0xx.o
                0x0000000008002154                AHBPrescTable
 .rodata.APBPrescTable
                0x0000000008002164        0x8 ./Core/Src/system_stm32l0xx.o
                0x0000000008002164                APBPrescTable
 .rodata.PLLMulTable
                0x000000000800216c        0x9 ./Core/Src/system_stm32l0xx.o
                0x000000000800216c                PLLMulTable
 *fill*         0x0000000008002175        0x3 
 .rodata.OFFSET_TAB_CCMRx
                0x0000000008002178        0x7 ./Core/Src/tim.o
 *fill*         0x000000000800217f        0x1 
 .rodata.SHIFT_TAB_OCxx
                0x0000000008002180        0x7 ./Core/Src/tim.o
                0x0000000008002188                . = ALIGN (0x4)
 *fill*         0x0000000008002187        0x1 

.rel.dyn        0x0000000008002188        0x0
 .rel.iplt      0x0000000008002188        0x0 /Applications/STM32CubeIDE.app/Contents/Eclipse/plugins/com.st.stm32cube.ide.mcu.externaltools.gnu-tools-for-stm32.10.3-2021.10.macos64_1.0.100.202210260954/tools/bin/../lib/gcc/arm-none-eabi/10.3.1/thumb/v6-m/nofp/crtbegin.o

.ARM.extab      0x0000000008002188        0x0
                0x0000000008002188                . = ALIGN (0x4)
 *(.ARM.extab* .gnu.linkonce.armextab.*)
                0x0000000008002188                . = ALIGN (0x4)

.ARM            0x0000000008002188        0x0
                0x0000000008002188                . = ALIGN (0x4)
                0x0000000008002188                __exidx_start = .
 *(.ARM.exidx*)
                0x0000000008002188                __exidx_end = .
                0x0000000008002188                . = ALIGN (0x4)

.preinit_array  0x0000000008002188        0x0
                0x0000000008002188                . = ALIGN (0x4)
                0x0000000008002188                PROVIDE (__preinit_array_start = .)
 *(.preinit_array*)
                0x0000000008002188                PROVIDE (__preinit_array_end = .)
                0x0000000008002188                . = ALIGN (0x4)

.init_array     0x0000000008002188        0x4
                0x0000000008002188                . = ALIGN (0x4)
                0x0000000008002188                PROVIDE (__init_array_start = .)
 *(SORT_BY_NAME(.init_array.*))
 *(.init_array*)
 .init_array    0x0000000008002188        0x4 /Applications/STM32CubeIDE.app/Contents/Eclipse/plugins/com.st.stm32cube.ide.mcu.externaltools.gnu-tools-for-stm32.10.3-2021.10.macos64_1.0.100.202210260954/tools/bin/../lib/gcc/arm-none-eabi/10.3.1/thumb/v6-m/nofp/crtbegin.o
                0x000000000800218c                PROVIDE (__init_array_end = .)
                0x000000000800218c                . = ALIGN (0x4)

.fini_array     0x000000000800218c        0x4
                0x000000000800218c                . = ALIGN (0x4)
                [!provide]                        PROVIDE (__fini_array_start = .)
 *(SORT_BY_NAME(.fini_array.*))
 *(.fini_array*)
 .fini_array    0x000000000800218c        0x4 /Applications/STM32CubeIDE.app/Contents/Eclipse/plugins/com.st.stm32cube.ide.mcu.externaltools.gnu-tools-for-stm32.10.3-2021.10.macos64_1.0.100.202210260954/tools/bin/../lib/gcc/arm-none-eabi/10.3.1/thumb/v6-m/nofp/crtbegin.o
                [!provide]                        PROVIDE (__fini_array_end = .)
                0x0000000008002190                . = ALIGN (0x4)
                0x0000000008002190                _sidata = LOADADDR (.data)

.data           0x0000000020000000        0x4 load address 0x0000000008002190
                0x0000000020000000                . = ALIGN (0x4)
                0x0000000020000000                _sdata = .
 *(.data)
 *(.data*)
 .data.SystemCoreClock
                0x0000000020000000        0x4 ./Core/Src/system_stm32l0xx.o
                0x0000000020000000                SystemCoreClock
 *(.RamFunc)
 *(.RamFunc*)
                0x0000000020000004                . = ALIGN (0x4)
                0x0000000020000004                _edata = .

.igot.plt       0x0000000020000004        0x0 load address 0x0000000008002194
 .igot.plt      0x0000000020000004        0x0 /Applications/STM32CubeIDE.app/Contents/Eclipse/plugins/com.st.stm32cube.ide.mcu.externaltools.gnu-tools-for-stm32.10.3-2021.10.macos64_1.0.100.202210260954/tools/bin/../lib/gcc/arm-none-eabi/10.3.1/thumb/v6-m/nofp/crtbegin.o
                0x0000000020000004                . = ALIGN (0x4)

.bss            0x0000000020000004       0x24 load address 0x0000000008002194
                0x0000000020000004                _sbss = .
                0x0000000020000004                __bss_start__ = _sbss
 *(.bss)
 .bss           0x0000000020000004       0x1c /Applications/STM32CubeIDE.app/Contents/Eclipse/plugins/com.st.stm32cube.ide.mcu.externaltools.gnu-tools-for-stm32.10.3-2021.10.macos64_1.0.100.202210260954/tools/bin/../lib/gcc/arm-none-eabi/10.3.1/thumb/v6-m/nofp/crtbegin.o
 *(.bss*)
 .bss.sens.1    0x0000000020000020        0x4 ./Core/Src/led.o
 .bss.val.0     0x0000000020000024        0x4 ./Core/Src/led.o
 *(COMMON)
                0x0000000020000028                . = ALIGN (0x4)
                0x0000000020000028                _ebss = .
                0x0000000020000028                __bss_end__ = _ebss

._user_heap_stack
                0x0000000020000028      0x600 load address 0x0000000008002194
                0x0000000020000028                . = ALIGN (0x8)
                [!provide]                        PROVIDE (end = .)
                0x0000000020000028                PROVIDE (_end = .)
                0x0000000020000228                . = (. + _Min_Heap_Size)
 *fill*         0x0000000020000028      0x200 
                0x0000000020000628                . = (. + _Min_Stack_Size)
 *fill*         0x0000000020000228      0x400 
                0x0000000020000628                . = ALIGN (0x8)

/DISCARD/
 libc.a(*)
 libm.a(*)
 libgcc.a(*)

.ARM.attributes
                0x0000000000000000       0x28
 *(.ARM.attributes)
 .ARM.attributes
                0x0000000000000000       0x1e /Applications/STM32CubeIDE.app/Contents/Eclipse/plugins/com.st.stm32cube.ide.mcu.externaltools.gnu-tools-for-stm32.10.3-2021.10.macos64_1.0.100.202210260954/tools/bin/../lib/gcc/arm-none-eabi/10.3.1/thumb/v6-m/nofp/crti.o
 .ARM.attributes
                0x000000000000001e       0x2c /Applications/STM32CubeIDE.app/Contents/Eclipse/plugins/com.st.stm32cube.ide.mcu.externaltools.gnu-tools-for-stm32.10.3-2021.10.macos64_1.0.100.202210260954/tools/bin/../lib/gcc/arm-none-eabi/10.3.1/thumb/v6-m/nofp/crtbegin.o
 .ARM.attributes
                0x000000000000004a       0x2c ./Core/Src/adc.o
 .ARM.attributes
                0x0000000000000076       0x2c ./Core/Src/gpio.o
 .ARM.attributes
                0x00000000000000a2       0x2c ./Core/Src/led.o
 .ARM.attributes
                0x00000000000000ce       0x2c ./Core/Src/main.o
 .ARM.attributes
                0x00000000000000fa       0x2c ./Core/Src/spi.o
 .ARM.attributes
                0x0000000000000126       0x2c ./Core/Src/stm32l0xx_it.o
 .ARM.attributes
                0x0000000000000152       0x2c ./Core/Src/system_stm32l0xx.o
 .ARM.attributes
                0x000000000000017e       0x2c ./Core/Src/tim.o
 .ARM.attributes
                0x00000000000001aa       0x2c ./Core/Src/usart.o
 .ARM.attributes
                0x00000000000001d6       0x22 ./Core/Startup/startup_stm32l021k4tx.o
 .ARM.attributes
                0x00000000000001f8       0x2c ./Drivers/STM32L0xx_HAL_Driver/Src/stm32l0xx_ll_adc.o
 .ARM.attributes
                0x0000000000000224       0x2c ./Drivers/STM32L0xx_HAL_Driver/Src/stm32l0xx_ll_gpio.o
 .ARM.attributes
                0x0000000000000250       0x2c ./Drivers/STM32L0xx_HAL_Driver/Src/stm32l0xx_ll_rcc.o
 .ARM.attributes
                0x000000000000027c       0x2c ./Drivers/STM32L0xx_HAL_Driver/Src/stm32l0xx_ll_spi.o
 .ARM.attributes
                0x00000000000002a8       0x2c ./Drivers/STM32L0xx_HAL_Driver/Src/stm32l0xx_ll_tim.o
 .ARM.attributes
                0x00000000000002d4       0x2c ./Drivers/STM32L0xx_HAL_Driver/Src/stm32l0xx_ll_usart.o
 .ARM.attributes
                0x0000000000000300       0x2c ./Drivers/STM32L0xx_HAL_Driver/Src/stm32l0xx_ll_utils.o
 .ARM.attributes
                0x000000000000032c       0x2c /Applications/STM32CubeIDE.app/Contents/Eclipse/plugins/com.st.stm32cube.ide.mcu.externaltools.gnu-tools-for-stm32.10.3-2021.10.macos64_1.0.100.202210260954/tools/bin/../lib/gcc/arm-none-eabi/10.3.1/../../../../arm-none-eabi/lib/thumb/v6-m/nofp/libc_nano.a(lib_a-init.o)
 .ARM.attributes
                0x0000000000000358       0x2c /Applications/STM32CubeIDE.app/Contents/Eclipse/plugins/com.st.stm32cube.ide.mcu.externaltools.gnu-tools-for-stm32.10.3-2021.10.macos64_1.0.100.202210260954/tools/bin/../lib/gcc/arm-none-eabi/10.3.1/../../../../arm-none-eabi/lib/thumb/v6-m/nofp/libc_nano.a(lib_a-memset.o)
 .ARM.attributes
                0x0000000000000384       0x1e /Applications/STM32CubeIDE.app/Contents/Eclipse/plugins/com.st.stm32cube.ide.mcu.externaltools.gnu-tools-for-stm32.10.3-2021.10.macos64_1.0.100.202210260954/tools/bin/../lib/gcc/arm-none-eabi/10.3.1/thumb/v6-m/nofp/libgcc.a(_udivsi3.o)
 .ARM.attributes
                0x00000000000003a2       0x1e /Applications/STM32CubeIDE.app/Contents/Eclipse/plugins/com.st.stm32cube.ide.mcu.externaltools.gnu-tools-for-stm32.10.3-2021.10.macos64_1.0.100.202210260954/tools/bin/../lib/gcc/arm-none-eabi/10.3.1/thumb/v6-m/nofp/libgcc.a(_dvmd_tls.o)
 .ARM.attributes
                0x00000000000003c0       0x1e /Applications/STM32CubeIDE.app/Contents/Eclipse/plugins/com.st.stm32cube.ide.mcu.externaltools.gnu-tools-for-stm32.10.3-2021.10.macos64_1.0.100.202210260954/tools/bin/../lib/gcc/arm-none-eabi/10.3.1/thumb/v6-m/nofp/crtn.o
OUTPUT(firmware2.elf elf32-littlearm)
LOAD linker stubs
LOAD /Applications/STM32CubeIDE.app/Contents/Eclipse/plugins/com.st.stm32cube.ide.mcu.externaltools.gnu-tools-for-stm32.10.3-2021.10.macos64_1.0.100.202210260954/tools/bin/../lib/gcc/arm-none-eabi/10.3.1/../../../../arm-none-eabi/lib/thumb/v6-m/nofp/libc.a
LOAD /Applications/STM32CubeIDE.app/Contents/Eclipse/plugins/com.st.stm32cube.ide.mcu.externaltools.gnu-tools-for-stm32.10.3-2021.10.macos64_1.0.100.202210260954/tools/bin/../lib/gcc/arm-none-eabi/10.3.1/../../../../arm-none-eabi/lib/thumb/v6-m/nofp/libm.a
LOAD /Applications/STM32CubeIDE.app/Contents/Eclipse/plugins/com.st.stm32cube.ide.mcu.externaltools.gnu-tools-for-stm32.10.3-2021.10.macos64_1.0.100.202210260954/tools/bin/../lib/gcc/arm-none-eabi/10.3.1/thumb/v6-m/nofp/libgcc.a

.debug_info     0x0000000000000000     0x69f0
 .debug_info    0x0000000000000000      0x84e ./Core/Src/adc.o
 .debug_info    0x000000000000084e      0x469 ./Core/Src/gpio.o
 .debug_info    0x0000000000000cb7      0x386 ./Core/Src/led.o
 .debug_info    0x000000000000103d      0x907 ./Core/Src/main.o
 .debug_info    0x0000000000001944      0x5e9 ./Core/Src/spi.o
 .debug_info    0x0000000000001f2d      0x17d ./Core/Src/stm32l0xx_it.o
 .debug_info    0x00000000000020aa      0x302 ./Core/Src/system_stm32l0xx.o
 .debug_info    0x00000000000023ac      0xaf1 ./Core/Src/tim.o
 .debug_info    0x0000000000002e9d      0x619 ./Core/Src/usart.o
 .debug_info    0x00000000000034b6       0x22 ./Core/Startup/startup_stm32l021k4tx.o
 .debug_info    0x00000000000034d8      0x783 ./Drivers/STM32L0xx_HAL_Driver/Src/stm32l0xx_ll_adc.o
 .debug_info    0x0000000000003c5b      0x5cc ./Drivers/STM32L0xx_HAL_Driver/Src/stm32l0xx_ll_gpio.o
 .debug_info    0x0000000000004227      0x78d ./Drivers/STM32L0xx_HAL_Driver/Src/stm32l0xx_ll_rcc.o
 .debug_info    0x00000000000049b4      0x47c ./Drivers/STM32L0xx_HAL_Driver/Src/stm32l0xx_ll_spi.o
 .debug_info    0x0000000000004e30      0xca4 ./Drivers/STM32L0xx_HAL_Driver/Src/stm32l0xx_ll_tim.o
 .debug_info    0x0000000000005ad4      0x674 ./Drivers/STM32L0xx_HAL_Driver/Src/stm32l0xx_ll_usart.o
 .debug_info    0x0000000000006148      0x8a8 ./Drivers/STM32L0xx_HAL_Driver/Src/stm32l0xx_ll_utils.o

.debug_abbrev   0x0000000000000000     0x1a70
 .debug_abbrev  0x0000000000000000      0x18c ./Core/Src/adc.o
 .debug_abbrev  0x000000000000018c      0x191 ./Core/Src/gpio.o
 .debug_abbrev  0x000000000000031d      0x151 ./Core/Src/led.o
 .debug_abbrev  0x000000000000046e      0x245 ./Core/Src/main.o
 .debug_abbrev  0x00000000000006b3      0x191 ./Core/Src/spi.o
 .debug_abbrev  0x0000000000000844       0x80 ./Core/Src/stm32l0xx_it.o
 .debug_abbrev  0x00000000000008c4      0x116 ./Core/Src/system_stm32l0xx.o
 .debug_abbrev  0x00000000000009da      0x1cb ./Core/Src/tim.o
 .debug_abbrev  0x0000000000000ba5      0x191 ./Core/Src/usart.o
 .debug_abbrev  0x0000000000000d36       0x12 ./Core/Startup/startup_stm32l021k4tx.o
 .debug_abbrev  0x0000000000000d48      0x1d5 ./Drivers/STM32L0xx_HAL_Driver/Src/stm32l0xx_ll_adc.o
 .debug_abbrev  0x0000000000000f1d      0x19b ./Drivers/STM32L0xx_HAL_Driver/Src/stm32l0xx_ll_gpio.o
 .debug_abbrev  0x00000000000010b8      0x214 ./Drivers/STM32L0xx_HAL_Driver/Src/stm32l0xx_ll_rcc.o
 .debug_abbrev  0x00000000000012cc      0x17a ./Drivers/STM32L0xx_HAL_Driver/Src/stm32l0xx_ll_spi.o
 .debug_abbrev  0x0000000000001446      0x203 ./Drivers/STM32L0xx_HAL_Driver/Src/stm32l0xx_ll_tim.o
 .debug_abbrev  0x0000000000001649      0x1d7 ./Drivers/STM32L0xx_HAL_Driver/Src/stm32l0xx_ll_usart.o
 .debug_abbrev  0x0000000000001820      0x250 ./Drivers/STM32L0xx_HAL_Driver/Src/stm32l0xx_ll_utils.o

.debug_aranges  0x0000000000000000      0x828
 .debug_aranges
                0x0000000000000000       0x70 ./Core/Src/adc.o
 .debug_aranges
                0x0000000000000070       0x30 ./Core/Src/gpio.o
 .debug_aranges
                0x00000000000000a0       0x48 ./Core/Src/led.o
 .debug_aranges
                0x00000000000000e8       0xc0 ./Core/Src/main.o
 .debug_aranges
                0x00000000000001a8       0x38 ./Core/Src/spi.o
 .debug_aranges
                0x00000000000001e0       0x48 ./Core/Src/stm32l0xx_it.o
 .debug_aranges
                0x0000000000000228       0x28 ./Core/Src/system_stm32l0xx.o
 .debug_aranges
                0x0000000000000250       0x70 ./Core/Src/tim.o
 .debug_aranges
                0x00000000000002c0       0x40 ./Core/Src/usart.o
 .debug_aranges
                0x0000000000000300       0x28 ./Core/Startup/startup_stm32l021k4tx.o
 .debug_aranges
                0x0000000000000328       0xa8 ./Drivers/STM32L0xx_HAL_Driver/Src/stm32l0xx_ll_adc.o
 .debug_aranges
                0x00000000000003d0       0x70 ./Drivers/STM32L0xx_HAL_Driver/Src/stm32l0xx_ll_gpio.o
 .debug_aranges
                0x0000000000000440      0x130 ./Drivers/STM32L0xx_HAL_Driver/Src/stm32l0xx_ll_rcc.o
 .debug_aranges
                0x0000000000000570       0x50 ./Drivers/STM32L0xx_HAL_Driver/Src/stm32l0xx_ll_spi.o
 .debug_aranges
                0x00000000000005c0      0x100 ./Drivers/STM32L0xx_HAL_Driver/Src/stm32l0xx_ll_tim.o
 .debug_aranges
                0x00000000000006c0       0x78 ./Drivers/STM32L0xx_HAL_Driver/Src/stm32l0xx_ll_usart.o
 .debug_aranges
                0x0000000000000738       0xf0 ./Drivers/STM32L0xx_HAL_Driver/Src/stm32l0xx_ll_utils.o

.debug_ranges   0x0000000000000000      0x720
 .debug_ranges  0x0000000000000000       0x60 ./Core/Src/adc.o
 .debug_ranges  0x0000000000000060       0x20 ./Core/Src/gpio.o
 .debug_ranges  0x0000000000000080       0x38 ./Core/Src/led.o
 .debug_ranges  0x00000000000000b8       0xb0 ./Core/Src/main.o
 .debug_ranges  0x0000000000000168       0x28 ./Core/Src/spi.o
 .debug_ranges  0x0000000000000190       0x38 ./Core/Src/stm32l0xx_it.o
 .debug_ranges  0x00000000000001c8       0x18 ./Core/Src/system_stm32l0xx.o
 .debug_ranges  0x00000000000001e0       0x60 ./Core/Src/tim.o
 .debug_ranges  0x0000000000000240       0x30 ./Core/Src/usart.o
 .debug_ranges  0x0000000000000270       0x20 ./Core/Startup/startup_stm32l021k4tx.o
 .debug_ranges  0x0000000000000290       0x98 ./Drivers/STM32L0xx_HAL_Driver/Src/stm32l0xx_ll_adc.o
 .debug_ranges  0x0000000000000328       0x60 ./Drivers/STM32L0xx_HAL_Driver/Src/stm32l0xx_ll_gpio.o
 .debug_ranges  0x0000000000000388      0x120 ./Drivers/STM32L0xx_HAL_Driver/Src/stm32l0xx_ll_rcc.o
 .debug_ranges  0x00000000000004a8       0x40 ./Drivers/STM32L0xx_HAL_Driver/Src/stm32l0xx_ll_spi.o
 .debug_ranges  0x00000000000004e8       0xf0 ./Drivers/STM32L0xx_HAL_Driver/Src/stm32l0xx_ll_tim.o
 .debug_ranges  0x00000000000005d8       0x68 ./Drivers/STM32L0xx_HAL_Driver/Src/stm32l0xx_ll_usart.o
 .debug_ranges  0x0000000000000640       0xe0 ./Drivers/STM32L0xx_HAL_Driver/Src/stm32l0xx_ll_utils.o

.debug_macro    0x0000000000000000     0xcfef
 .debug_macro   0x0000000000000000      0x158 ./Core/Src/adc.o
 .debug_macro   0x0000000000000158      0xa90 ./Core/Src/adc.o
 .debug_macro   0x0000000000000be8       0x2e ./Core/Src/adc.o
 .debug_macro   0x0000000000000c16       0x28 ./Core/Src/adc.o
 .debug_macro   0x0000000000000c3e       0x22 ./Core/Src/adc.o
 .debug_macro   0x0000000000000c60       0x8e ./Core/Src/adc.o
 .debug_macro   0x0000000000000cee       0x51 ./Core/Src/adc.o
 .debug_macro   0x0000000000000d3f      0x103 ./Core/Src/adc.o
 .debug_macro   0x0000000000000e42       0x6a ./Core/Src/adc.o
 .debug_macro   0x0000000000000eac      0x1df ./Core/Src/adc.o
 .debug_macro   0x000000000000108b       0x1c ./Core/Src/adc.o
 .debug_macro   0x00000000000010a7       0x22 ./Core/Src/adc.o
 .debug_macro   0x00000000000010c9       0xaf ./Core/Src/adc.o
 .debug_macro   0x0000000000001178      0x3ad ./Core/Src/adc.o
 .debug_macro   0x0000000000001525     0x7e0b ./Core/Src/adc.o
 .debug_macro   0x0000000000009330       0x66 ./Core/Src/adc.o
 .debug_macro   0x0000000000009396      0x6be ./Core/Src/adc.o
 .debug_macro   0x0000000000009a54      0x3b4 ./Core/Src/adc.o
 .debug_macro   0x0000000000009e08       0xad ./Core/Src/adc.o
 .debug_macro   0x0000000000009eb5      0x13d ./Core/Src/adc.o
 .debug_macro   0x0000000000009ff2      0x108 ./Core/Src/adc.o
 .debug_macro   0x000000000000a0fa       0x16 ./Core/Src/adc.o
 .debug_macro   0x000000000000a110       0x2a ./Core/Src/adc.o
 .debug_macro   0x000000000000a13a       0xda ./Core/Src/adc.o
 .debug_macro   0x000000000000a214      0x285 ./Core/Src/adc.o
 .debug_macro   0x000000000000a499      0x123 ./Core/Src/adc.o
 .debug_macro   0x000000000000a5bc      0x545 ./Core/Src/adc.o
 .debug_macro   0x000000000000ab01      0x30c ./Core/Src/adc.o
 .debug_macro   0x000000000000ae0d      0x12d ./Core/Src/adc.o
 .debug_macro   0x000000000000af3a       0x3a ./Core/Src/adc.o
 .debug_macro   0x000000000000af74      0x158 ./Core/Src/gpio.o
 .debug_macro   0x000000000000b0cc      0x162 ./Core/Src/led.o
 .debug_macro   0x000000000000b22e      0x18e ./Core/Src/main.o
 .debug_macro   0x000000000000b3bc      0x158 ./Core/Src/spi.o
 .debug_macro   0x000000000000b514      0x158 ./Core/Src/stm32l0xx_it.o
 .debug_macro   0x000000000000b66c       0xba ./Core/Src/system_stm32l0xx.o
 .debug_macro   0x000000000000b726      0x158 ./Core/Src/tim.o
 .debug_macro   0x000000000000b87e      0x158 ./Core/Src/usart.o
 .debug_macro   0x000000000000b9d6      0x131 ./Drivers/STM32L0xx_HAL_Driver/Src/stm32l0xx_ll_adc.o
 .debug_macro   0x000000000000bb07       0xfc ./Drivers/STM32L0xx_HAL_Driver/Src/stm32l0xx_ll_gpio.o
 .debug_macro   0x000000000000bc03      0x127 ./Drivers/STM32L0xx_HAL_Driver/Src/stm32l0xx_ll_gpio.o
 .debug_macro   0x000000000000bd2a       0xe7 ./Drivers/STM32L0xx_HAL_Driver/Src/stm32l0xx_ll_rcc.o
 .debug_macro   0x000000000000be11      0x3ae ./Drivers/STM32L0xx_HAL_Driver/Src/stm32l0xx_ll_rcc.o
 .debug_macro   0x000000000000c1bf      0x123 ./Drivers/STM32L0xx_HAL_Driver/Src/stm32l0xx_ll_spi.o
 .debug_macro   0x000000000000c2e2      0x11d ./Drivers/STM32L0xx_HAL_Driver/Src/stm32l0xx_ll_spi.o
 .debug_macro   0x000000000000c3ff      0x11a ./Drivers/STM32L0xx_HAL_Driver/Src/stm32l0xx_ll_tim.o
 .debug_macro   0x000000000000c519      0x53f ./Drivers/STM32L0xx_HAL_Driver/Src/stm32l0xx_ll_tim.o
 .debug_macro   0x000000000000ca58      0x12f ./Drivers/STM32L0xx_HAL_Driver/Src/stm32l0xx_ll_usart.o
 .debug_macro   0x000000000000cb87      0x306 ./Drivers/STM32L0xx_HAL_Driver/Src/stm32l0xx_ll_usart.o
 .debug_macro   0x000000000000ce8d      0x162 ./Drivers/STM32L0xx_HAL_Driver/Src/stm32l0xx_ll_utils.o

.debug_line     0x0000000000000000     0x773a
 .debug_line    0x0000000000000000      0x74f ./Core/Src/adc.o
 .debug_line    0x000000000000074f      0x660 ./Core/Src/gpio.o
 .debug_line    0x0000000000000daf      0x6a9 ./Core/Src/led.o
 .debug_line    0x0000000000001458      0x94b ./Core/Src/main.o
 .debug_line    0x0000000000001da3      0x6bc ./Core/Src/spi.o
 .debug_line    0x000000000000245f      0x671 ./Core/Src/stm32l0xx_it.o
 .debug_line    0x0000000000002ad0      0x53f ./Core/Src/system_stm32l0xx.o
 .debug_line    0x000000000000300f      0x860 ./Core/Src/tim.o
 .debug_line    0x000000000000386f      0x6c0 ./Core/Src/usart.o
 .debug_line    0x0000000000003f2f       0x9b ./Core/Startup/startup_stm32l021k4tx.o
 .debug_line    0x0000000000003fca      0x75a ./Drivers/STM32L0xx_HAL_Driver/Src/stm32l0xx_ll_adc.o
 .debug_line    0x0000000000004724      0x65f ./Drivers/STM32L0xx_HAL_Driver/Src/stm32l0xx_ll_gpio.o
 .debug_line    0x0000000000004d83      0xa7f ./Drivers/STM32L0xx_HAL_Driver/Src/stm32l0xx_ll_rcc.o
 .debug_line    0x0000000000005802      0x5e6 ./Drivers/STM32L0xx_HAL_Driver/Src/stm32l0xx_ll_spi.o
 .debug_line    0x0000000000005de8      0x937 ./Drivers/STM32L0xx_HAL_Driver/Src/stm32l0xx_ll_tim.o
 .debug_line    0x000000000000671f      0x6ba ./Drivers/STM32L0xx_HAL_Driver/Src/stm32l0xx_ll_usart.o
 .debug_line    0x0000000000006dd9      0x961 ./Drivers/STM32L0xx_HAL_Driver/Src/stm32l0xx_ll_utils.o

.debug_str      0x0000000000000000    0x4300b
 .debug_str     0x0000000000000000    0x3e488 ./Core/Src/adc.o
                                      0x3e71f (size before relaxing)
 .debug_str     0x000000000003e488       0x51 ./Core/Src/gpio.o
                                      0x3e48b (size before relaxing)
 .debug_str     0x000000000003e4d9       0xf4 ./Core/Src/led.o
                                      0x3e3db (size before relaxing)
 .debug_str     0x000000000003e5cd      0x3f6 ./Core/Src/main.o
                                      0x3e8a8 (size before relaxing)
 .debug_str     0x000000000003e9c3       0xcd ./Core/Src/spi.o
                                      0x3e54a (size before relaxing)
 .debug_str     0x000000000003ea90       0x86 ./Core/Src/stm32l0xx_it.o
                                      0x3e34b (size before relaxing)
 .debug_str     0x000000000003eb16       0x89 ./Core/Src/system_stm32l0xx.o
                                      0x3113a (size before relaxing)
 .debug_str     0x000000000003eb9f      0x177 ./Core/Src/tim.o
                                      0x3e87b (size before relaxing)
 .debug_str     0x000000000003ed16       0xc1 ./Core/Src/usart.o
                                      0x3e55a (size before relaxing)
 .debug_str     0x000000000003edd7       0x36 ./Core/Startup/startup_stm32l021k4tx.o
                                         0x64 (size before relaxing)
 .debug_str     0x000000000003ee0d      0xe39 ./Drivers/STM32L0xx_HAL_Driver/Src/stm32l0xx_ll_adc.o
                                      0x36b77 (size before relaxing)
 .debug_str     0x000000000003fc46      0x539 ./Drivers/STM32L0xx_HAL_Driver/Src/stm32l0xx_ll_gpio.o
                                      0x3223b (size before relaxing)
 .debug_str     0x000000000004017f      0x534 ./Drivers/STM32L0xx_HAL_Driver/Src/stm32l0xx_ll_rcc.o
                                      0x32f3f (size before relaxing)
 .debug_str     0x00000000000406b3      0x744 ./Drivers/STM32L0xx_HAL_Driver/Src/stm32l0xx_ll_spi.o
                                      0x33c7d (size before relaxing)
 .debug_str     0x0000000000040df7      0xd6e ./Drivers/STM32L0xx_HAL_Driver/Src/stm32l0xx_ll_tim.o
                                      0x34eb5 (size before relaxing)
 .debug_str     0x0000000000041b65      0x805 ./Drivers/STM32L0xx_HAL_Driver/Src/stm32l0xx_ll_usart.o
                                      0x34838 (size before relaxing)
 .debug_str     0x000000000004236a      0xca1 ./Drivers/STM32L0xx_HAL_Driver/Src/stm32l0xx_ll_utils.o
                                      0x34668 (size before relaxing)

.comment        0x0000000000000000       0x50
 .comment       0x0000000000000000       0x50 ./Core/Src/adc.o
                                         0x51 (size before relaxing)
 .comment       0x0000000000000050       0x51 ./Core/Src/gpio.o
 .comment       0x0000000000000050       0x51 ./Core/Src/led.o
 .comment       0x0000000000000050       0x51 ./Core/Src/main.o
 .comment       0x0000000000000050       0x51 ./Core/Src/spi.o
 .comment       0x0000000000000050       0x51 ./Core/Src/stm32l0xx_it.o
 .comment       0x0000000000000050       0x51 ./Core/Src/system_stm32l0xx.o
 .comment       0x0000000000000050       0x51 ./Core/Src/tim.o
 .comment       0x0000000000000050       0x51 ./Core/Src/usart.o
 .comment       0x0000000000000050       0x51 ./Drivers/STM32L0xx_HAL_Driver/Src/stm32l0xx_ll_adc.o
 .comment       0x0000000000000050       0x51 ./Drivers/STM32L0xx_HAL_Driver/Src/stm32l0xx_ll_gpio.o
 .comment       0x0000000000000050       0x51 ./Drivers/STM32L0xx_HAL_Driver/Src/stm32l0xx_ll_rcc.o
 .comment       0x0000000000000050       0x51 ./Drivers/STM32L0xx_HAL_Driver/Src/stm32l0xx_ll_spi.o
 .comment       0x0000000000000050       0x51 ./Drivers/STM32L0xx_HAL_Driver/Src/stm32l0xx_ll_tim.o
 .comment       0x0000000000000050       0x51 ./Drivers/STM32L0xx_HAL_Driver/Src/stm32l0xx_ll_usart.o
 .comment       0x0000000000000050       0x51 ./Drivers/STM32L0xx_HAL_Driver/Src/stm32l0xx_ll_utils.o

.debug_frame    0x0000000000000000     0x1ac0
 .debug_frame   0x0000000000000000      0x174 ./Core/Src/adc.o
 .debug_frame   0x0000000000000174       0x70 ./Core/Src/gpio.o
 .debug_frame   0x00000000000001e4       0xcc ./Core/Src/led.o
 .debug_frame   0x00000000000002b0      0x28c ./Core/Src/main.o
 .debug_frame   0x000000000000053c       0x90 ./Core/Src/spi.o
 .debug_frame   0x00000000000005cc       0xb8 ./Core/Src/stm32l0xx_it.o
 .debug_frame   0x0000000000000684       0x4c ./Core/Src/system_stm32l0xx.o
 .debug_frame   0x00000000000006d0      0x174 ./Core/Src/tim.o
 .debug_frame   0x0000000000000844       0xb0 ./Core/Src/usart.o
 .debug_frame   0x00000000000008f4      0x250 ./Drivers/STM32L0xx_HAL_Driver/Src/stm32l0xx_ll_adc.o
 .debug_frame   0x0000000000000b44      0x170 ./Drivers/STM32L0xx_HAL_Driver/Src/stm32l0xx_ll_gpio.o
 .debug_frame   0x0000000000000cb4      0x42c ./Drivers/STM32L0xx_HAL_Driver/Src/stm32l0xx_ll_rcc.o
 .debug_frame   0x00000000000010e0       0xf0 ./Drivers/STM32L0xx_HAL_Driver/Src/stm32l0xx_ll_spi.o
 .debug_frame   0x00000000000011d0      0x3b0 ./Drivers/STM32L0xx_HAL_Driver/Src/stm32l0xx_ll_tim.o
 .debug_frame   0x0000000000001580      0x190 ./Drivers/STM32L0xx_HAL_Driver/Src/stm32l0xx_ll_usart.o
 .debug_frame   0x0000000000001710      0x344 ./Drivers/STM32L0xx_HAL_Driver/Src/stm32l0xx_ll_utils.o
 .debug_frame   0x0000000000001a54       0x2c /Applications/STM32CubeIDE.app/Contents/Eclipse/plugins/com.st.stm32cube.ide.mcu.externaltools.gnu-tools-for-stm32.10.3-2021.10.macos64_1.0.100.202210260954/tools/bin/../lib/gcc/arm-none-eabi/10.3.1/../../../../arm-none-eabi/lib/thumb/v6-m/nofp/libc_nano.a(lib_a-init.o)
 .debug_frame   0x0000000000001a80       0x20 /Applications/STM32CubeIDE.app/Contents/Eclipse/plugins/com.st.stm32cube.ide.mcu.externaltools.gnu-tools-for-stm32.10.3-2021.10.macos64_1.0.100.202210260954/tools/bin/../lib/gcc/arm-none-eabi/10.3.1/../../../../arm-none-eabi/lib/thumb/v6-m/nofp/libc_nano.a(lib_a-memset.o)
 .debug_frame   0x0000000000001aa0       0x20 /Applications/STM32CubeIDE.app/Contents/Eclipse/plugins/com.st.stm32cube.ide.mcu.externaltools.gnu-tools-for-stm32.10.3-2021.10.macos64_1.0.100.202210260954/tools/bin/../lib/gcc/arm-none-eabi/10.3.1/thumb/v6-m/nofp/libgcc.a(_udivsi3.o)
